>>> ATZ
ELM327 v1.5
>>> ATE0
OK
>>> ATL0
OK
>>> ATS0
OK
>>> ATH1
OK
>>> ATSP0
OK
>>> ATRV
14.1V
>>> 0100
7E8064100BE3FA813
>>> ATDPN
A6
>>> ATDP
AUTO, ISO 15765-4 (CAN 11/500)
>>> 0120
7E806412080018001
>>> 0140
7E80641407ED00400
>>> 0160
NO DATA
>>> 0900
7E806490054400200
>>> 0920
NO DATA
>>> 0103
7E80441030200
>>> 0104
7E8044104 46
>>> 0105
7E80441055A
>>> 0106
7E80441067F
>>> 0107
NO DATA
>>> 0108
7E80441088A
>>> 0109
NO DATA
>>> 010B
7E804410B62
>>> 010C
7E805410C0B7C
>>> 010D
7E804410D00
>>> 010F
7E804410F41
>>> 0110
7E8054110014A
>>> 0111
7E80441112B
>>> 011F
7E805411F0096
>>> 0121
7E80541210000
>>> 012F
7E804412F7A
>>> 0131
7E805413104D2
>>> 0133
7E80441335F
>>> 0142
7E805414236B8
>>> 0144
7E805414480 00
>>> 0145
7E80441451A
>>> 0146
7E8044146 3D
>>> 015C
NO DATA
>>> 015E
7E80541 5E01F4
>>> 019D
NO DATA
>>> 019E
NO DATA
>>> 01A2
NO DATA
>>> 0917
7E8100B49170100008B
7E821F900009AB10000
